******************************************************************************
                  TI ARM Linker PC v20.2.5                     
******************************************************************************
>> Linked Wed Dec  1 23:51:27 2021

OUTPUT FILE NAME:   <pwmled2_CC3220SF_LAUNCHXL_freertos_ccs.out>
ENTRY POINT SYMBOL: "resetISR"  address: 010087b5


MEMORY CONFIGURATION

         name            origin    length      used     unused   attr    fill
----------------------  --------  ---------  --------  --------  ----  --------
  FLASH_HDR             01000000   000007ff  00000000  000007ff  R  X
  FLASH                 01000800   000ff800  0000893a  000f6ec6  R  X
  SRAM                  20000000   00040000  00009640  000369c0  RW X


SEGMENT ALLOCATION MAP

run origin  load origin   length   init length attrs members
----------  ----------- ---------- ----------- ----- -------
01000800    01000800    00008940   00008940    r-x
  01000800    01000800    00000040   00000040    r-- .resetVecs
  01000840    01000840    00008204   00008204    r-x .text
  01008a44    01008a44    000005d6   000005d6    r-- .const
  01009020    01009020    00000120   00000120    r-- .cinit
2000030c    2000030c    00008f34   00000000    rw-
  2000030c    2000030c    000083c8   00000000    rw- .bss
  200086d4    200086d4    00000b6c   00000000    rw- .data
2003fc00    2003fc00    00000400   00000000    rw-
  2003fc00    2003fc00    00000400   00000000    rw- .stack


SECTION ALLOCATION MAP

 output                                  attributes/
section   page    origin      length       input sections
--------  ----  ----------  ----------   ----------------
.resetVecs 
*          0    01000800    00000040     
                  01000800    00000040     freertos_builds_CC3220SF_LAUNCHXL_release_ccs.lib : startup_cc32xx_ccs.obj (.resetVecs:retain)

.text      0    01000840    00008204     
                  01000840    00000a4e     rtsv7M4_T_le_eabi.lib : _printfi.c.obj (.text:__TI_printfi)
                  0100128e    00000002     ti_drivers_config.obj (.text:Board_initHook)
                  01001290    0000042c     driverlib.a : prcm.obj (.text:PRCMCC3200MCUInit)
                  010016bc    00000268     rtsv7M4_T_le_eabi.lib : _printfi.c.obj (.text:_pconv_a)
                  01001924    0000025c     claw_control.obj (.text:claw_control_task)
                  01001b80    00000208     freertos_builds_CC3220SF_LAUNCHXL_release_ccs.lib : tasks.obj (.text:xTaskIncrementTick)
                  01001d88    000001e4     drivers_cc32xx.aem4 : GPIOCC32XX.oem4 (.text:GPIO_setConfig)
                  01001f6c    000001d0     freertos_builds_CC3220SF_LAUNCHXL_release_ccs.lib : queue.obj (.text:xQueueSemaphoreTake)
                  0100213c    000001cc     rtsv7M4_T_le_eabi.lib : _printfi.c.obj (.text:_pconv_g)
                  01002308    000001cc     freertos_builds_CC3220SF_LAUNCHXL_release_ccs.lib : tasks.obj (.text:xTaskResumeAll)
                  010024d4    000001b8                                                       : queue.obj (.text:xQueueGenericSend)
                  0100268c    000001b6     rtsv7M4_T_le_eabi.lib : fd_add_t2.asm.obj (.text)
                  01002842    00000002     driverlib.a : interrupt.obj (.text:IntDefaultHandler)
                  01002844    000001b0     freertos_builds_CC3220SF_LAUNCHXL_release_ccs.lib : PowerCC32XX_freertos.obj (.text:PowerCC32XX_sleepPolicy)
                  010029f4    000001a4                                                       : heap_4.obj (.text:pvPortMalloc)
                  01002b98    00000188                                                       : tasks.obj (.text:xTaskRemoveFromEventList)
                  01002d20    0000017c                                                       : queue.obj (.text:xQueueReceive)
                  01002e9c    00000154                                                       : timers.obj (.text:prvProcessReceivedCommands)
                  01002ff0    00000148     drivers_cc32xx.aem4 : PowerCC32XX.oem4 (.text:parkPins)
                  01003138    00000148     freertos_builds_CC3220SF_LAUNCHXL_release_ccs.lib : tasks.obj (.text:vTaskPriorityDisinheritAfterTimeout)
                  01003280    00000140     drivers_cc32xx.aem4 : PWMTimerCC32XX.oem4 (.text:PWMTimerCC32XX_setDutyAndPeriod)
                  010033c0    0000013c     rtsv7M4_T_le_eabi.lib : _printfi.c.obj (.text:_pconv_e)
                  010034fc    0000013a     freertos_builds_CC3220SF_LAUNCHXL_release_ccs.lib : tasks.obj (.text:prvInitialiseNewTask)
                  01003636    00000002     drivers_cc32xx.aem4 : PWMTimerCC32XX.oem4 (.text:PWMTimerCC32XX_init)
                  01003638    00000138                         : PowerCC32XX.oem4 (.text:Power_sleep)
                  01003770    00000138     freertos_builds_CC3220SF_LAUNCHXL_release_ccs.lib : pthread.obj (.text:pthread_create)
                  010038a8    00000136     rtsv7M4_T_le_eabi.lib : fd_div_t2.asm.obj (.text)
                  010039de    00000002     freertos_builds_CC3220SF_LAUNCHXL_release_ccs.lib : PowerCC32XX_freertos.obj (.text:PowerCC32XX_initPolicy)
                  010039e0    00000128     drivers_cc32xx.aem4 : TimerCC32XX.oem4 (.text:TimerCC32XX_open)
                  01003b08    00000128     freertos_builds_CC3220SF_LAUNCHXL_release_ccs.lib : queue.obj (.text:xQueueGenericSendFromISR)
                  01003c30    00000120     rtsv7M4_T_le_eabi.lib : _printfi.c.obj (.text:fcvt)
                  01003d50    00000120     freertos_builds_CC3220SF_LAUNCHXL_release_ccs.lib : tasks.obj (.text:xTaskPriorityInherit)
                  01003e70    00000118                                                       : tasks.obj (.text:vTaskSuspend)
                  01003f88    00000118                                                       : tasks.obj (.text:xTaskPriorityDisinherit)
                  010040a0    0000010e                                                       : queue.obj (.text:xQueueGiveFromISR)
                  010041ae    00000002     drivers_cc32xx.aem4 : TimerCC32XX.oem4 (.text:TimerCC32XX_init)
                  010041b0    00000104     freertos_builds_CC3220SF_LAUNCHXL_release_ccs.lib : tasks.obj (.text:prvAddNewTaskToReadyList)
                  010042b4    00000104                                                       : queue.obj (.text:xQueueGenericReset)
                  010043b8    00000100                                                       : tasks.obj (.text:vTaskDelete)
                  010044b8    000000fc     rtsv7M4_T_le_eabi.lib : fd_mul_t2.asm.obj (.text)
                  010045b4    000000f6     freertos_builds_CC3220SF_LAUNCHXL_release_ccs.lib : queue.obj (.text:xQueueReceiveFromISR)
                  010046aa    00000002                                                       : startup_cc32xx_ccs.obj (.text:busFaultHandler)
                  010046ac    000000f0     drivers_cc32xx.aem4 : PWMTimerCC32XX.oem4 (.text:PWMTimerCC32XX_open)
                  0100479c    000000e8     freertos_builds_CC3220SF_LAUNCHXL_release_ccs.lib : tasks.obj (.text:prvAddCurrentTaskToDelayedList)
                  01004884    000000dc                                                       : tasks.obj (.text:vTaskSwitchContext)
                  01004960    000000d0     rtsv7M4_T_le_eabi.lib : s_scalbn.c.obj (.text:scalbn)
                  01004a30    000000c4     drivers_cc32xx.aem4 : GPIOCC32XX.oem4 (.text:GPIO_init)
                  01004af4    000000c4                         : PWMTimerCC32XX.oem4 (.text:PWMTimerCC32XX_stop)
                  01004bb8    000000c0                         : PowerCC32XX.oem4 (.text:restoreParkedPins)
                  01004c78    000000c0     freertos_builds_CC3220SF_LAUNCHXL_release_ccs.lib : port.obj (.text:xPortStartScheduler)
                  01004d38    000000bc                                                       : queue.obj (.text:prvCopyDataToQueue)
                  01004df4    000000bc                                                       : heap_4.obj (.text:prvHeapInit)
                  01004eb0    000000ba                                                       : portasm.obj (.text)
                  01004f6a    000000ba     debug.obj (.text:setGPIOs)
                  01005024    000000b8     drivers_cc32xx.aem4 : PWMTimerCC32XX.oem4 (.text:PWMTimerCC32XX_setDuty)
                  010050dc    000000b4     main_freertos.obj (.text:main)
                  01005190    000000b4     freertos_builds_CC3220SF_LAUNCHXL_release_ccs.lib : tasks.obj (.text:xTaskCheckForTimeOut)
                  01005244    000000b1     rtsv7M4_T_le_eabi.lib : _printfi.c.obj (.text:_ltostr)
                  010052f5    00000001     --HOLE-- [fill = 0]
                  010052f6    000000ae     freertos_builds_CC3220SF_LAUNCHXL_release_ccs.lib : queue.obj (.text:prvUnlockQueue)
                  010053a4    000000a8     driverlib.a : interrupt.obj (.text:IntDisable)
                  0100544c    000000a8                 : interrupt.obj (.text:IntEnable)
                  010054f4    000000a8     drivers_cc32xx.aem4 : PowerCC32XX.oem4 (.text:PowerCC32XX_configureWakeup)
                  0100559c    000000a8     freertos_builds_CC3220SF_LAUNCHXL_release_ccs.lib : heap_4.obj (.text:prvInsertBlockIntoFreeList)
                  01005644    000000a8                                                       : heap_4.obj (.text:vPortFree)
                  010056ec    000000a4     drivers_cc32xx.aem4 : PWMTimerCC32XX.oem4 (.text:initHw)
                  01005790    0000009c     rtsv7M4_T_le_eabi.lib : memcpy_t2.asm.obj (.text)
                  0100582c    0000009c     freertos_builds_CC3220SF_LAUNCHXL_release_ccs.lib : tasks.obj (.text:vTaskStartScheduler)
                  010058c8    00000098     drivers_cc32xx.aem4 : PWMTimerCC32XX.oem4 (.text:PWMTimerCC32XX_setPeriod)
                  01005960    00000098                         : GPIOCC32XX.oem4 (.text:powerNotifyFxn)
                  010059f8    00000096     rtsv7M4_T_le_eabi.lib : ull_div_t2.asm.obj (.text)
                  01005a8e    00000002     freertos_builds_CC3220SF_LAUNCHXL_release_ccs.lib : startup_cc32xx_ccs.obj (.text:defaultHandler)
                  01005a90    00000090     drivers_cc32xx.aem4 : PowerCC32XX.oem4 (.text:restoreNVICRegs)
                  01005b20    00000088                         : PWMTimerCC32XX.oem4 (.text:PWMTimerCC32XX_close)
                  01005ba8    00000088     driverlib.a : pin.obj (.text:PinConfigSet)
                  01005c30    00000088     drivers_cc32xx.aem4 : TimerCC32XX.oem4 (.text:TimerCC32XX_setPeriod)
                  01005cb8    00000088     freertos_builds_CC3220SF_LAUNCHXL_release_ccs.lib : timers.obj (.text:prvProcessTimerOrBlockTask)
                  01005d40    00000086     rtsv7M4_T_le_eabi.lib : fd_cmp_t2.asm.obj (.text:__aeabi_cdcmple)
                  01005dc6    00000086                           : fd_cmp_t2.asm.obj (.text:__aeabi_cdrcmple)
                  01005e4c    00000084     drivers_cc32xx.aem4 : PowerCC32XX.oem4 (.text:Power_init)
                  01005ed0    00000084                         : PowerCC32XX.oem4 (.text:saveNVICRegs)
                  01005f54    00000082     freertos_builds_CC3220SF_LAUNCHXL_release_ccs.lib : queue.obj (.text:xQueueGenericCreate)
                  01005fd6    00000002                                                       : startup_cc32xx_ccs.obj (.text:faultISR)
                  01005fd8    00000080     drivers_cc32xx.aem4 : PowerCC32XX.oem4 (.text:Power_setDependency)
                  01006058    0000007a     freertos_builds_CC3220SF_LAUNCHXL_release_ccs.lib : pthread.obj (.text:removeThreadKeys)
                  010060d2    0000007a     rtsv7M4_T_le_eabi.lib : memset_t2.asm.obj (.text)
                  0100614c    0000007a     freertos_builds_CC3220SF_LAUNCHXL_release_ccs.lib : tasks.obj (.text:xTaskCreate)
                  010061c6    00000002                                                       : startup_cc32xx_ccs.obj (.text:nmiISR)
                  010061c8    00000078     drivers_cc32xx.aem4 : GPIOCC32XX.oem4 (.text:GPIO_hwiIntFxn)
                  01006240    00000078                         : TimerCC32XX.oem4 (.text:TimerCC32XX_start)
                  010062b8    00000078     freertos_builds_CC3220SF_LAUNCHXL_release_ccs.lib : timers.obj (.text:prvInsertTimerInActiveList)
                  01006330    00000078                                                       : tasks.obj (.text:vTaskPlaceOnEventListRestricted)
                  010063a8    00000074                                                       : tasks.obj (.text:prvInitialiseTaskLists)
                  0100641c    00000074                                                       : port.obj (.text:vPortValidateInterruptPriority)
                  01006490    0000006e     rtsv7M4_T_le_eabi.lib : _printfi.c.obj (.text:_mcpy)
                  010064fe    00000002                           : div0.asm.obj (.text)
                  01006500    00000068     drivers_cc32xx.aem4 : PWMTimerCC32XX.oem4 (.text:PWMTimerCC32XX_start)
                  01006568    00000068     rtsv7M4_T_le_eabi.lib : copy_decompress_lzss.c.obj (.text:decompress:lzss:__TI_decompress_lzss)
                  010065d0    00000068     freertos_builds_CC3220SF_LAUNCHXL_release_ccs.lib : tasks.obj (.text:eTaskConfirmSleepModeStatus)
                  01006638    00000066                                                       : list.obj (.text:vListInsert)
                  0100669e    00000002     --HOLE-- [fill = 0]
                  010066a0    00000064     drivers_cc32xx.aem4 : GPIOCC32XX.oem4 (.text:GPIO_toggle)
                  01006704    00000064                         : PowerCC32XX.oem4 (.text:PowerCC32XX_setParkState)
                  01006768    00000064     freertos_builds_CC3220SF_LAUNCHXL_release_ccs.lib : tasks.obj (.text:prvGetExpectedIdleTime)
                  010067cc    00000060                                                       : HwiPCC32XX_freertos.obj (.text:HwiP_create)
                  0100682c    00000060     driverlib.a : prcm.obj (.text:PRCMSysResetCauseGet)
                  0100688c    0000005c     drivers_cc32xx.aem4 : GPIOCC32XX.oem4 (.text:GPIO_setCallback)
                  010068e8    0000005c     rtsv7M4_T_le_eabi.lib : s_frexp.c.obj (.text:frexp)
                  01006944    0000005c     freertos_builds_CC3220SF_LAUNCHXL_release_ccs.lib : tasks.obj (.text:prvIdleTask)
                  010069a0    0000005c                                                       : pthread.obj (.text:pthread_exit)
                  010069fc    0000005c                                                       : queue.obj (.text:vQueueWaitForMessageRestricted)
                  01006a58    00000058     drivers_cc32xx.aem4 : GPIOCC32XX.oem4 (.text:GPIO_write)
                  01006ab0    00000058     driverlib.a : interrupt.obj (.text:IntPendClear)
                  01006b08    00000058                 : prcm.obj (.text:PRCMPeripheralReset)
                  01006b60    00000058     drivers_cc32xx.aem4 : PowerCC32XX.oem4 (.text:Power_releaseDependency)
                  01006bb8    00000058     debug.obj (.text:fatalError)
                  01006c10    00000058     freertos_builds_CC3220SF_LAUNCHXL_release_ccs.lib : port.obj (.text:vPortSetupTimerInterrupt)
                  01006c68    00000056                                                       : SemaphoreP_freertos.obj (.text:SemaphoreP_create)
                  01006cbe    00000056     drivers_cc32xx.aem4 : TimerCC32XX.oem4 (.text:TimerCC32XX_stop)
                  01006d14    00000056     rtsv7M4_T_le_eabi.lib : _printfi.c.obj (.text:_pconv_f)
                  01006d6a    00000002     --HOLE-- [fill = 0]
                  01006d6c    00000054     driverlib.a : interrupt.obj (.text:IntPrioritySet)
                  01006dc0    00000054     rtsv7M4_T_le_eabi.lib : _ltoa.c.obj (.text:__TI_ltoa)
                  01006e14    00000054     timer50.obj (.text:start50)
                  01006e68    00000054     freertos_builds_CC3220SF_LAUNCHXL_release_ccs.lib : timers.obj (.text:xTimerCreateTimerTask)
                  01006ebc    00000052     drivers_cc32xx.aem4 : PowerCC32XX_asm.oem4 (.text:PowerCC32XX_resumeLPDS)
                  01006f0e    00000052     rtsv7M4_T_le_eabi.lib : _printfi.c.obj (.text:_ecpy)
                  01006f60    00000052     drivers_cc32xx.aem4 : TimerCC32XX.oem4 (.text:initHw)
                  01006fb2    00000002     --HOLE-- [fill = 0]
                  01006fb4    00000050                         : TimerCC32XX.oem4 (.text:TimerCC32XX_allocateTimerResource)
                  01007004    00000050     freertos_builds_CC3220SF_LAUNCHXL_release_ccs.lib : port.obj (.text:pxPortInitialiseStack)
                  01007054    0000004c     drivers_cc32xx.aem4 : GPIOCC32XX.oem4 (.text:GPIO_enableInt)
                  010070a0    0000004c                         : PowerCC32XX.oem4 (.text:PowerCC32XX_parkPin)
                  010070ec    0000004c     rtsv7M4_T_le_eabi.lib : atoi.c.obj (.text:atoi)
                  01007138    0000004c     drivers_cc32xx.aem4 : PWMTimerCC32XX.oem4 (.text:getDutyCounts)
                  01007184    0000004c                         : PWMTimerCC32XX.oem4 (.text:getPeriodCounts)
                  010071d0    0000004c     freertos_builds_CC3220SF_LAUNCHXL_release_ccs.lib : startup_cc32xx_ccs.obj (.text:initVectors)
                  0100721c    0000004c                                                       : timers.obj (.text:prvCheckForValidListAndQueue)
                  01007268    0000004c                                                       : tasks.obj (.text:prvCheckTasksWaitingTermination)
                  010072b4    0000004c                                                       : timers.obj (.text:prvProcessExpiredTimer)
                  01007300    0000004c     drivers_cc32xx.aem4 : PowerCC32XX.oem4 (.text:restorePeriphClocks)
                  0100734c    0000004c     rtsv7M4_T_le_eabi.lib : snprintf.c.obj (.text:snprintf)
                  01007398    0000004c     freertos_builds_CC3220SF_LAUNCHXL_release_ccs.lib : port.obj (.text:vPortEnterCritical)
                  010073e4    0000004c                                                       : tasks.obj (.text:vTaskSetThreadLocalStoragePointer)
                  01007430    00000048     driverlib.a : flash.obj (.text:FlashDisable)
                  01007478    00000048     freertos_builds_CC3220SF_LAUNCHXL_release_ccs.lib : HwiPCC32XX_freertos.obj (.text:HwiP_dispatch)
                  010074c0    00000048     driverlib.a : prcm.obj (.text:PRCMLPDSEnter)
                  01007508    00000048                 : prcm.obj (.text:PRCMPeripheralClkEnable)
                  01007550    00000048     drivers_cc32xx.aem4 : PowerCC32XX.oem4 (.text:Power_releaseConstraint)
                  01007598    00000048     freertos_builds_CC3220SF_LAUNCHXL_release_ccs.lib : timers.obj (.text:prvSwitchTimerLists)
                  010075e0    00000048     rtsv7M4_T_le_eabi.lib : fd_toi_t2.asm.obj (.text)
                  01007628    00000048     freertos_builds_CC3220SF_LAUNCHXL_release_ccs.lib : list.obj (.text:uxListRemove)
                  01007670    00000046     drivers_cc32xx.aem4 : TimerCC32XX.oem4 (.text:getPrescaler)
                  010076b6    00000046     freertos_builds_CC3220SF_LAUNCHXL_release_ccs.lib : queue.obj (.text:xQueueCreateCountingSemaphore)
                  010076fc    00000044     driverlib.a : prcm.obj (.text:PRCMLPDSRestoreInfoSet)
                  01007740    00000044     drivers_cc32xx.aem4 : PWM.oem4 (.text:PWM_init)
                  01007784    00000044                         : PowerCC32XX_asm.oem4 (.text:PowerCC32XX_enterLPDS)
                  010077c8    00000044                         : Timer.oem4 (.text:Timer_init)
                  0100780c    00000044     rtsv7M4_T_le_eabi.lib : autoinit.c.obj (.text:__TI_auto_init_nobinit_nopinit:__TI_auto_init_nobinit_nopinit)
                  01007850    00000044     freertos_builds_CC3220SF_LAUNCHXL_release_ccs.lib : queue.obj (.text:prvInitialiseNewQueue)
                  01007894    00000044                                                       : tasks.obj (.text:vTaskStepTick)
                  010078d8    00000040     drivers_cc32xx.aem4 : PWM.oem4 (.text:PWM_open)
                  01007918    00000040     driverlib.a : pin.obj (.text:PinModeSet)
                  01007958    00000040     drivers_cc32xx.aem4 : Timer.oem4 (.text:Timer_open)
                  01007998    00000040     freertos_builds_CC3220SF_LAUNCHXL_release_ccs.lib : aeabi_portable.obj (.text:__aeabi_errno_addr)
                  010079d8    0000003e     rtsv7M4_T_le_eabi.lib : _printfi.c.obj (.text:_fcpy)
                  01007a16    0000003e     freertos_builds_CC3220SF_LAUNCHXL_release_ccs.lib : pthread.obj (.text:pthread_setcancelstate)
                  01007a54    0000003c     driverlib.a : prcm.obj (.text:PRCMSlowClkCtrFastGet)
                  01007a90    0000003c     drivers_cc32xx.aem4 : PowerCC32XX.oem4 (.text:Power_setConstraint)
                  01007acc    0000003c     freertos_builds_CC3220SF_LAUNCHXL_release_ccs.lib : queue.obj (.text:prvCopyDataFromQueue)
                  01007b08    0000003c                                                       : tasks.obj (.text:pvTaskGetThreadLocalStoragePointer)
                  01007b44    0000003c                                                       : list.obj (.text:vListInsertEnd)
                  01007b80    0000003a     drivers_cc32xx.aem4 : TimerCC32XX.oem4 (.text:TimerCC32XX_close)
                  01007bba    00000002     --HOLE-- [fill = 0]
                  01007bbc    0000003a     timer50.obj (.text:callback50)
                  01007bf6    0000003a     drivers_cc32xx.aem4 : PWMTimerCC32XX.oem4 (.text:getPowerMgrId)
                  01007c30    00000038     driverlib.a : prcm.obj (.text:PRCMLPDSEnterKeepDebugIf)
                  01007c68    00000038     drivers_cc32xx.aem4 : TimerCC32XX.oem4 (.text:TimerCC32XX_hwiIntFunction)
                  01007ca0    00000038                         : PowerCC32XX.oem4 (.text:notify)
                  01007cd8    00000038     freertos_builds_CC3220SF_LAUNCHXL_release_ccs.lib : timers.obj (.text:prvGetNextExpireTime)
                  01007d10    00000038                                                       : port.obj (.text:prvTaskExitError)
                  01007d48    00000036     driverlib.a : timer.obj (.text:TimerControlStall)
                  01007d7e    00000036     freertos_builds_CC3220SF_LAUNCHXL_release_ccs.lib : timers.obj (.text:prvReloadTimer)
                  01007db4    00000034     driverlib.a : pin.obj (.text:PinModeGet)
                  01007de8    00000034     freertos_builds_CC3220SF_LAUNCHXL_release_ccs.lib : SemaphoreP_freertos.obj (.text:SemaphoreP_pend)
                  01007e1c    00000034     drivers_cc32xx.aem4 : TimerCC32XX.oem4 (.text:TimerCC32XX_freeTimerResource)
                  01007e50    00000034                         : TimerCC32XX.oem4 (.text:getPowerMgrId)
                  01007e84    00000034     freertos_builds_CC3220SF_LAUNCHXL_release_ccs.lib : timers.obj (.text:prvSampleTimeNow)
                  01007eb8    00000034                                                       : tasks.obj (.text:vTaskPlaceOnEventList)
                  01007eec    00000030     drivers_cc32xx.aem4 : PowerCC32XX.oem4 (.text:PowerCC32XX_restoreParkedPin)
                  01007f1c    00000030     rtsv7M4_T_le_eabi.lib : snprintf.c.obj (.text:_outs)
                  01007f4c    00000030     freertos_builds_CC3220SF_LAUNCHXL_release_ccs.lib : tasks.obj (.text:prvResetNextTaskUnblockTime)
                  01007f7c    00000030                                                       : list.obj (.text:vListInitialise)
                  01007fac    00000030                                                       : port.obj (.text:vPortExitCritical)
                  01007fdc    00000030                                                       : tasks.obj (.text:xTaskGetSchedulerState)
                  0100800c    0000002e     rtsv7M4_T_le_eabi.lib : i_tofd_t2.asm.obj (.text)
                  0100803a    00000002     --HOLE-- [fill = 0]
                  0100803c    0000002c     freertos_builds_CC3220SF_LAUNCHXL_release_ccs.lib : HwiPCC32XX_freertos.obj (.text:HwiP_disable)
                  01008068    0000002c     driverlib.a : prcm.obj (.text:PRCMLPDSIntervalSet)
                  01008094    0000002c     freertos_builds_CC3220SF_LAUNCHXL_release_ccs.lib : SemaphoreP_freertos.obj (.text:SemaphoreP_createBinary)
                  010080c0    0000002c                                                       : tasks.obj (.text:vTaskSetApplicationTaskTag)
                  010080ec    0000002c                                                       : port.obj (.text:xPortSysTickHandler)
                  01008118    0000002a     driverlib.a : timer.obj (.text:TimerLoadSet)
                  01008142    0000002a                 : timer.obj (.text:TimerPrescaleSet)
                  0100816c    00000028     freertos_builds_CC3220SF_LAUNCHXL_release_ccs.lib : HwiPCC32XX_freertos.obj (.text:HwiP_inISR)
                  01008194    00000028     driverlib.a : prcm.obj (.text:PRCMLPDSWakeupSourceEnable)
                  010081bc    00000028                 : prcm.obj (.text:PRCMPeripheralClkDisable)
                  010081e4    00000028     drivers_cc32xx.aem4 : PowerCC32XX.oem4 (.text:Power_registerNotify)
                  0100820c    00000028     freertos_builds_CC3220SF_LAUNCHXL_release_ccs.lib : pthread.obj (.text:pthread_attr_setschedparam)
                  01008234    00000028                                                       : tasks.obj (.text:xTaskGetApplicationTaskTag)
                  0100825c    00000026     drivers_cc32xx.aem4 : List.oem4 (.text:List_put)
                  01008282    00000026                         : List.oem4 (.text:List_remove)
                  010082a8    00000026     freertos_builds_CC3220SF_LAUNCHXL_release_ccs.lib : pthread.obj (.text:_pthread_cleanup_pop)
                  010082ce    00000026                                                       : queue.obj (.text:prvIsQueueFull)
                  010082f4    00000024     driverlib.a : interrupt.obj (.text:IntUnregister)
                  01008318    00000024     rtsv7M4_T_le_eabi.lib : boot_cortex_m.c.obj (.text:_c_int00_noargs:_c_int00_noargs)
                  0100833c    00000024     control_queue.obj (.text:create_control_queue)
                  01008360    00000024     delay_queue.obj (.text:create_delay_queue)
                  01008384    00000024     publish_queue.obj (.text:create_publish_queue)
                  010083a8    00000024     freertos_builds_CC3220SF_LAUNCHXL_release_ccs.lib : queue.obj (.text:prvGetDisinheritPriorityAfterTimeout)
                  010083cc    00000024                                                       : queue.obj (.text:vQueueDelete)
                  010083f0    00000024                                                       : tasks.obj (.text:vTaskInternalSetTimeOutState)
                  01008414    00000022                                                       : SemaphoreP_freertos.obj (.text:SemaphoreP_post)
                  01008436    00000022     debug.obj (.text:dbgEvent)
                  01008458    00000022     freertos_builds_CC3220SF_LAUNCHXL_release_ccs.lib : pthread.obj (.text:pthread_attr_setdetachstate)
                  0100847a    00000002     --HOLE-- [fill = 0]
                  0100847c    00000020                                                       : ClockP_freertos.obj (.text:ClockP_getCpuFreq)
                  0100849c    00000020                                                       : HwiPCC32XX_freertos.obj (.text:HwiP_restore)
                  010084bc    00000020     driverlib.a : interrupt.obj (.text:IntRegister)
                  010084dc    00000020     drivers_cc32xx.aem4 : PowerCC32XX.oem4 (.text:Power_unregisterNotify)
                  010084fc    00000020     freertos_builds_CC3220SF_LAUNCHXL_release_ccs.lib : queue.obj (.text:prvIsQueueEmpty)
                  0100851c    0000001e                                                       : HwiPCC32XX_freertos.obj (.text:HwiP_Params_init)
                  0100853a    0000001e     driverlib.a : timer.obj (.text:TimerDisable)
                  01008558    0000001e                 : timer.obj (.text:TimerEnable)
                  01008576    0000001e     freertos_builds_CC3220SF_LAUNCHXL_release_ccs.lib : pthread.obj (.text:_pthread_runStub)
                  01008594    0000001c     driverlib.a : pin.obj (.text:PinToPadGet)
                  010085b0    0000001c     publish_queue.obj (.text:add_to_publish_queue)
                  010085cc    0000001c     rtsv7M4_T_le_eabi.lib : memccpy.c.obj (.text:memccpy)
                  010085e8    0000001c     freertos_builds_CC3220SF_LAUNCHXL_release_ccs.lib : pthread.obj (.text:pthread_attr_init)
                  01008604    0000001c                                                       : tasks.obj (.text:pvTaskIncrementMutexHeldCount)
                  01008620    0000001a                                                       : PTLS.obj (.text:PTLS_taskDeleteHook)
                  0100863a    0000001a                                                       : timers.obj (.text:prvTimerTask)
                  01008654    00000018     drivers_cc32xx.aem4 : PowerCC32XX.oem4 (.text:Power_idleFunc)
                  0100866c    00000018                         : TimerCC32XX.oem4 (.text:TimerCC32XX_getCount)
                  01008684    00000018     driverlib.a : timer.obj (.text:TimerIntDisable)
                  0100869c    00000018                 : timer.obj (.text:TimerIntEnable)
                  010086b4    00000018     rtsv7M4_T_le_eabi.lib : snprintf.c.obj (.text:_outc)
                  010086cc    00000018     control_queue.obj (.text:add_to_control_queue)
                  010086e4    00000018     delay_queue.obj (.text:add_to_delay_queue)
                  010086fc    00000018     control_queue.obj (.text:retrieve_from_control_queue)
                  01008714    00000018     delay_queue.obj (.text:retrieve_from_delay_queue)
                  0100872c    00000018     rtsv7M4_T_le_eabi.lib : ll_mul_t2.asm.obj (.text)
                  01008744    00000016     driverlib.a : prcm.obj (.text:PRCMHIBRegRead)
                  0100875a    00000016                 : prcm.obj (.text:PRCMHIBRegWrite)
                  01008770    00000016     freertos_builds_CC3220SF_LAUNCHXL_release_ccs.lib : PTLS.obj (.text:PTLS_getBuf)
                  01008786    00000016                                                       : PTLS.obj (.text:PTLS_setBuf)
                  0100879c    00000016                                                       : SemaphoreP_freertos.obj (.text:SemaphoreP_Params_init)
                  010087b2    00000002     --HOLE-- [fill = 0]
                  010087b4    00000016                                                       : startup_cc32xx_ccs.obj (.text:resetISR)
                  010087ca    00000016     rtsv7M4_T_le_eabi.lib : strchr.c.obj (.text:strchr)
                  010087e0    00000014     driverlib.a : cpu.obj (.text:CPUcpsie)
                  010087f4    00000014                 : interrupt.obj (.text:IntVTableBaseSet)
                  01008808    00000014     drivers_cc32xx.aem4 : PWM.oem4 (.text:PWM_Params_init)
                  0100881c    00000014                         : PowerCC32XX.oem4 (.text:Power_getDependencyCount)
                  01008830    00000014     freertos_builds_CC3220SF_LAUNCHXL_release_ccs.lib : tasks.obj (.text:prvDeleteTCB)
                  01008844    00000014                                                       : pthread.obj (.text:pthread_attr_setstacksize)
                  01008858    00000014                                                       : pthread.obj (.text:pthread_self)
                  0100886c    00000014     rtsv7M4_T_le_eabi.lib : strlen.c.obj (.text:strlen)
                  01008880    00000014     freertos_builds_CC3220SF_LAUNCHXL_release_ccs.lib : PowerCC32XX_freertos.obj (.text:vPortSuppressTicksAndSleep)
                  01008894    00000014                                                       : tasks.obj (.text:xTaskGetCurrentTaskHandle)
                  010088a8    00000014                                                       : tasks.obj (.text:xTaskGetTickCount)
                  010088bc    00000012                                                       : HwiPCC32XX_freertos.obj (.text:HwiP_delete)
                  010088ce    00000012     driverlib.a : timer.obj (.text:TimerIntClear)
                  010088e0    00000012     drivers_cc32xx.aem4 : PWMTimerCC32XX.oem4 (.text:postNotifyFxn)
                  010088f2    00000012     rtsv7M4_T_le_eabi.lib : wcslen.c.obj (.text:wcslen)
                  01008904    00000010     ti_drivers_config.obj (.text:Board_init)
                  01008914    00000010     freertos_builds_CC3220SF_LAUNCHXL_release_ccs.lib : ClockP_freertos.obj (.text:ClockP_getSystemTickPeriod)
                  01008924    00000010     driverlib.a : systick.obj (.text:SysTickDisable)
                  01008934    00000010                 : systick.obj (.text:SysTickEnable)
                  01008944    00000010     drivers_cc32xx.aem4 : Timer.oem4 (.text:Timer_Params_init)
                  01008954    00000010     freertos_builds_CC3220SF_LAUNCHXL_release_ccs.lib : list.obj (.text:vListInitialiseItem)
                  01008964    00000010                                                       : tasks.obj (.text:vTaskSuspendAll)
                  01008974    0000000e     drivers_cc32xx.aem4 : PowerCC32XX.oem4 (.text:Power_getTransitionLatency)
                  01008982    0000000e     rtsv7M4_T_le_eabi.lib : copy_decompress_none.c.obj (.text:decompress:none:__TI_decompress_none)
                  01008990    0000000c     driverlib.a : cpu.obj (.text:CPUwfi)
                  0100899c    0000000c     freertos_builds_CC3220SF_LAUNCHXL_release_ccs.lib : HwiPCC32XX_freertos.obj (.text:HwiP_clearInterrupt)
                  010089a8    0000000c     drivers_cc32xx.aem4 : PowerCC32XX.oem4 (.text:Power_getConstraintMask)
                  010089b4    0000000c     freertos_builds_CC3220SF_LAUNCHXL_release_ccs.lib : SemaphoreP_freertos.obj (.text:SemaphoreP_delete)
                  010089c0    0000000c     rtsv7M4_T_le_eabi.lib : s_copysign.c.obj (.text:copysign)
                  010089cc    0000000c                           : copy_zero_init.c.obj (.text:decompress:ZI:__TI_zero_init)
                  010089d8    0000000c     drivers_cc32xx.aem4 : TimerCC32XX.oem4 (.text:postNotifyFxn)
                  010089e4    0000000c     freertos_builds_CC3220SF_LAUNCHXL_release_ccs.lib : tasks.obj (.text:vTaskMissedYield)
                  010089f0    0000000a     driverlib.a : interrupt.obj (.text:IntMasterEnable)
                  010089fa    0000000a     drivers_cc32xx.aem4 : PWM.oem4 (.text:PWM_setDuty)
                  01008a04    0000000a                         : PWM.oem4 (.text:PWM_start)
                  01008a0e    0000000a                         : Timer.oem4 (.text:Timer_start)
                  01008a18    0000000a     main_freertos.obj (.text:vApplicationStackOverflowHook)
                  01008a22    00000008     driverlib.a : prcm.obj (.text:PRCMSleepEnter)
                  01008a2a    00000006     drivers_cc32xx.aem4 : PWMTimerCC32XX.oem4 (.text:PWMTimerCC32XX_control)
                  01008a30    00000006                         : TimerCC32XX.oem4 (.text:TimerCC32XX_control)
                  01008a36    00000006     driverlib.a : utils.obj (.text:UtilsDelay)
                  01008a3c    00000004     rtsv7M4_T_le_eabi.lib : pre_init.c.obj (.text:_system_pre_init)
                  01008a40    00000004                           : exit.c.obj (.text:abort:abort)

.const     0    01008a44    000005d6     
                  01008a44    00000101     rtsv7M4_T_le_eabi.lib : ctype.c.obj (.const:.string:_ctypes_)
                  01008b45    00000003     --HOLE-- [fill = 0]
                  01008b48    00000100     driverlib.a : pin.obj (.const:g_ulPinToPadMap)
                  01008c48    000000d4                 : interrupt.obj (.const:g_pulRegs)
                  01008d1c    000000a8                 : prcm.obj (.const:PRCM_PeriphRegsList)
                  01008dc4    00000040     ti_drivers_config.obj (.const:PowerCC32XX_config)
                  01008e04    00000030     ti_drivers_config.obj (.const:timerCC32XXHWAttrs)
                  01008e34    00000024     drivers_cc32xx.aem4 : PWMTimerCC32XX.oem4 (.const:PWMTimerCC32XX_fxnTable)
                  01008e58    00000024     ti_drivers_config.obj (.const:Timer_config)
                  01008e7c    00000021     drivers_cc32xx.aem4 : GPIOCC32XX.oem4 (.const:.string:pinTable)
                  01008e9d    00000003     --HOLE-- [fill = 0]
                  01008ea0    00000020                         : TimerCC32XX.oem4 (.const:TimerCC32XX_fxnTable)
                  01008ec0    00000020                         : PWMTimerCC32XX.oem4 (.const:gpioPinIndexes)
                  01008ee0    00000018     ti_drivers_config.obj (.const:PWM_config)
                  01008ef8    00000018     drivers_cc32xx.aem4 : PWM.oem4 (.const:PWM_defaultParams)
                  01008f10    00000018     driverlib.a : interrupt.obj (.const:g_pulDisRegs)
                  01008f28    00000018                 : interrupt.obj (.const:g_pulEnRegs)
                  01008f40    00000018                 : interrupt.obj (.const:g_pulUnpendRegs)
                  01008f58    00000015     ti_drivers_config.obj (.const)
                  01008f6d    00000003     --HOLE-- [fill = 0]
                  01008f70    00000014     ti_drivers_config.obj (.const:GPIOCC32XX_config)
                  01008f84    00000014     drivers_cc32xx.aem4 : GPIOCC32XX.oem4 (.const:gpioBaseAddresses)
                  01008f98    00000014                         : GPIOCC32XX.oem4 (.const:powerResources)
                  01008fac    00000010                         : PWMTimerCC32XX.oem4 (.const:gpioBaseAddresses)
                  01008fbc    00000010                         : PWMTimerCC32XX.oem4 (.const:timerBaseAddresses)
                  01008fcc    0000000c                         : Timer.oem4 (.const:defaultParams)
                  01008fd8    00000008     freertos_builds_CC3220SF_LAUNCHXL_release_ccs.lib : port.obj (.const)
                  01008fe0    00000008     drivers_cc32xx.aem4 : GPIOCC32XX.oem4 (.const:outPinTypes)
                  01008fe8    00000008     ti_drivers_config.obj (.const:pwmTimerCC32XXHWAttrs)
                  01008ff0    00000008     drivers_cc32xx.aem4 : PWMTimerCC32XX.oem4 (.const:timerHalves)
                  01008ff8    00000006                         : GPIOCC32XX.oem4 (.const:.string:interruptType)
                  01008ffe    00000006                         : GPIOCC32XX.oem4 (.const:inPinTypes)
                  01009004    00000006                         : GPIOCC32XX.oem4 (.const:outPinStrengths)
                  0100900a    00000004                         : GPIOCC32XX.oem4 (.const:.string:portInterruptIds)
                  0100900e    00000002     --HOLE-- [fill = 0]
                  01009010    00000004     freertos_builds_CC3220SF_LAUNCHXL_release_ccs.lib : pthread.obj (.const)
                  01009014    00000004                                                       : tasks.obj (.const)
                  01009018    00000002                                                       : pthread.obj (.const:.string)

.cinit     0    01009020    00000120     
                  01009020    000000f5     (.cinit..data.load) [load image, compression = lzss]
                  01009115    00000003     --HOLE-- [fill = 0]
                  01009118    0000000c     (__TI_handler_table)
                  01009124    00000004     --HOLE-- [fill = 0]
                  01009128    00000008     (.cinit..bss.load) [load image, compression = zero_init]
                  01009130    00000010     (__TI_cinit_table)

.init_array 
*          0    01000800    00000000     UNINITIALIZED

.ramVecs   0    20000000    0000030c     NOLOAD SECTION
                  20000000    0000030c     freertos_builds_CC3220SF_LAUNCHXL_release_ccs.lib : startup_cc32xx_ccs.obj (.ramVecs)

.bss       0    2000030c    000083c8     UNINITIALIZED
                  2000030c    00008000     freertos_builds_CC3220SF_LAUNCHXL_release_ccs.lib : heap_4.obj (.bss:ucHeap)
                  2000830c    0000012c     (.common:PowerCC32XX_contextSave)
                  20008438    000000c8                                                       : tasks.obj (.bss:pxReadyTasksLists)
                  20008500    0000009c     (.common:timerCC32XXObjects)
                  2000859c    00000048     (.common:pwmTimerCC32XXObjects)
                  200085e4    00000020     drivers_cc32xx.aem4 : GPIOCC32XX.oem4 (.bss:gpioCallbackInfo)
                  20008604    00000014                         : GPIOCC32XX.oem4 (.bss:powerNotifyObj)
                  20008618    00000014     freertos_builds_CC3220SF_LAUNCHXL_release_ccs.lib : timers.obj (.bss:xActiveTimerList1)
                  2000862c    00000014                                                       : timers.obj (.bss:xActiveTimerList2)
                  20008640    00000014                                                       : tasks.obj (.bss:xDelayedTaskList1)
                  20008654    00000014                                                       : tasks.obj (.bss:xDelayedTaskList2)
                  20008668    00000014                                                       : tasks.obj (.bss:xPendingReadyList)
                  2000867c    00000014                                                       : tasks.obj (.bss:xSuspendedTaskList)
                  20008690    00000014                                                       : tasks.obj (.bss:xTasksWaitingTermination)
                  200086a4    00000008                                                       : tasks.obj (.bss)
                  200086ac    00000008                                                       : timers.obj (.bss)
                  200086b4    00000008                                                       : heap_4.obj (.bss:xStart)
                  200086bc    00000004     control_queue.obj (.bss)
                  200086c0    00000004     delay_queue.obj (.bss)
                  200086c4    00000004     drivers_cc32xx.aem4 : GPIOCC32XX.oem4 (.bss)
                  200086c8    00000004     freertos_builds_CC3220SF_LAUNCHXL_release_ccs.lib : aeabi_portable.obj (.bss:main_reent)
                  200086cc    00000004     publish_queue.obj (.bss)
                  200086d0    00000004     drivers_cc32xx.aem4 : TimerCC32XX.oem4 (.bss:timerState)

.data      0    200086d4    00000b6c     UNINITIALIZED
                  200086d4    00000800     freertos_builds_CC3220SF_LAUNCHXL_release_ccs.lib : HwiPCC32XX_freertos.obj (.data:HwiP_dispatchTable)
                  20008ed4    0000016c     drivers_cc32xx.aem4 : PowerCC32XX.oem4 (.data:PowerCC32XX_module)
                  20009040    000000f8     ti_drivers_config.obj (.data:parkInfo)
                  20009138    00000038     ti_drivers_config.obj (.data:gpioCallbackFunctions)
                  20009170    00000038     ti_drivers_config.obj (.data:gpioPinConfigs)
                  200091a8    00000034     freertos_builds_CC3220SF_LAUNCHXL_release_ccs.lib : tasks.obj (.data)
                  200091dc    00000018                                                       : heap_4.obj (.data)
                  200091f4    00000018                                                       : port.obj (.data)
                  2000920c    00000014                                                       : pthread.obj (.data:defaultPthreadAttrs)
                  20009220    0000000c                                                       : timers.obj (.data)
                  2000922c    00000009     drivers_cc32xx.aem4 : GPIOCC32XX.oem4 (.data)
                  20009235    00000001                         : PWM.oem4 (.data)
                  20009236    00000001                         : Timer.oem4 (.data)
                  20009237    00000001     --HOLE--
                  20009238    00000004     freertos_builds_CC3220SF_LAUNCHXL_release_ccs.lib : HwiPCC32XX_freertos.obj (.data)
                  2000923c    00000004                                                       : PowerCC32XX_freertos.obj (.data)

.stack     0    2003fc00    00000400     UNINITIALIZED
                  2003fc00    00000004     rtsv7M4_T_le_eabi.lib : boot_cortex_m.c.obj (.stack)
                  2003fc04    000003fc     --HOLE--

__llvm_prf_cnts 
*          0    20000000    00000000     UNINITIALIZED

.binit     0    01000000    00000000     

MODULE SUMMARY

       Module                       code    ro data   rw data
       ------                       ----    -------   -------
    .\
       claw_control.obj             604     0         0      
       debug.obj                    308     0         0      
       main_freertos.obj            190     0         0      
       timer50.obj                  142     0         0      
       control_queue.obj            84      0         4      
       delay_queue.obj              84      0         4      
       publish_queue.obj            64      0         4      
    +--+----------------------------+-------+---------+---------+
       Total:                       1476    0         12     
                                                             
    .\syscfg\
       ti_drivers_config.obj        18      221       588    
    +--+----------------------------+-------+---------+---------+
       Total:                       18      221       588    
                                                             
    C:/Users/Domin/workspace_v10/freertos_builds_CC3220SF_LAUNCHXL_release_ccs/Debug/freertos_builds_CC3220SF_LAUNCHXL_release_ccs.lib
       heap_4.obj                   944     0         32800  
       tasks.obj                    5484    4         360    
       queue.obj                    3280    0         0      
       HwiPCC32XX_freertos.obj      344     0         2052   
       timers.obj                   1092    0         60     
       startup_cc32xx_ccs.obj       106     64        780    
       pthread.obj                  798     6         20     
       port.obj                     700     8         24     
       PowerCC32XX_freertos.obj     454     0         4      
       list.obj                     298     0         0      
       SemaphoreP_freertos.obj      250     0         0      
       portasm.obj                  186     0         0      
       PTLS.obj                     70      0         0      
       aeabi_portable.obj           64      0         4      
       ClockP_freertos.obj          48      0         0      
    +--+----------------------------+-------+---------+---------+
       Total:                       14118   82        36104  
                                                             
    C:/ti/simplelink_cc32xx_sdk_4_20_00_07/source/ti/devices/cc32xx/driverlib/ccs/Release/driverlib.a
       prcm.obj                     1756    168       0      
       interrupt.obj                608     284       0      
       pin.obj                      280     256       0      
       timer.obj                    264     0         0      
       flash.obj                    72      0         0      
       cpu.obj                      32      0         0      
       systick.obj                  32      0         0      
       utils.obj                    6       0         0      
    +--+----------------------------+-------+---------+---------+
       Total:                       3050    708       0      
                                                             
    C:/ti/simplelink_cc32xx_sdk_4_20_00_07/source/ti/drivers/lib/drivers_cc32xx.aem4
       PowerCC32XX.oem4             2254    0         664    
       PWMTimerCC32XX.oem4          1732    108       0      
       GPIOCC32XX.oem4              1308    103       65     
       TimerCC32XX.oem4             1132    32        4      
       PWM.oem4                     172     24        1      
       Timer.oem4                   158     12        1      
       PowerCC32XX_asm.oem4         150     0         0      
       List.oem4                    76      0         0      
    +--+----------------------------+-------+---------+---------+
       Total:                       6982    279       735    
                                                             
    C:\ti\ccs1040\ccs\tools\compiler\ti-cgt-arm_20.2.5.LTS\lib\rtsv7M4_T_le_eabi.lib
       _printfi.c.obj               4835    0         0      
       fd_add_t2.asm.obj            438     0         0      
       fd_div_t2.asm.obj            310     0         0      
       fd_cmp_t2.asm.obj            268     0         0      
       ctype.c.obj                  0       257       0      
       fd_mul_t2.asm.obj            252     0         0      
       s_scalbn.c.obj               208     0         0      
       memcpy_t2.asm.obj            156     0         0      
       ull_div_t2.asm.obj           150     0         0      
       snprintf.c.obj               148     0         0      
       memset_t2.asm.obj            122     0         0      
       copy_decompress_lzss.c.obj   104     0         0      
       s_frexp.c.obj                92      0         0      
       _ltoa.c.obj                  84      0         0      
       atoi.c.obj                   76      0         0      
       fd_toi_t2.asm.obj            72      0         0      
       autoinit.c.obj               68      0         0      
       i_tofd_t2.asm.obj            46      0         0      
       boot_cortex_m.c.obj          36      0         0      
       memccpy.c.obj                28      0         0      
       ll_mul_t2.asm.obj            24      0         0      
       strchr.c.obj                 22      0         0      
       strlen.c.obj                 20      0         0      
       wcslen.c.obj                 18      0         0      
       copy_decompress_none.c.obj   14      0         0      
       copy_zero_init.c.obj         12      0         0      
       s_copysign.c.obj             12      0         0      
       exit.c.obj                   4       0         0      
       pre_init.c.obj               4       0         0      
       div0.asm.obj                 2       0         0      
    +--+----------------------------+-------+---------+---------+
       Total:                       7625    257       0      
                                                             
       Stack:                       0       0         1024   
       Linker Generated:            0       281       0      
    +--+----------------------------+-------+---------+---------+
       Grand Total:                 33269   1828      38463  


LINKER GENERATED COPY TABLES

__TI_cinit_table @ 01009130 records: 2, size/record: 8, table size: 16
	.data: load addr=01009020, load size=000000f5 bytes, run addr=200086d4, run size=00000b6c bytes, compression=lzss
	.bss: load addr=01009128, load size=00000008 bytes, run addr=2000030c, run size=000083c8 bytes, compression=zero_init


LINKER GENERATED HANDLER TABLE

__TI_handler_table @ 01009118 records: 3, size/record: 4, table size: 12
	index: 0, handler: __TI_decompress_lzss
	index: 1, handler: __TI_decompress_none
	index: 2, handler: __TI_zero_init


GLOBAL SYMBOLS: SORTED ALPHABETICALLY BY Name 

address   name                               
-------   ----                               
01008905  Board_init                         
0100128f  Board_initHook                     
01008a41  C$$EXIT                            
01008f58  CONFIG_GPIO_0_CONST                
01008f59  CONFIG_GPIO_1_CONST                
01008f5a  CONFIG_GPIO_2_CONST                
01008f5b  CONFIG_GPIO_3_CONST                
01008f5c  CONFIG_GPIO_4_CONST                
01008f5d  CONFIG_GPIO_5_CONST                
01008f5e  CONFIG_GPIO_6_CONST                
01008f5f  CONFIG_GPIO_7_CONST                
01008f60  CONFIG_GPIO_8_CONST                
01008f61  CONFIG_GPIO_BUTTON_0_CONST         
01008f62  CONFIG_GPIO_BUTTON_1_CONST         
01008f63  CONFIG_GPIO_LED_0_CONST            
01008f64  CONFIG_GPIO_LED_1_CONST            
01008f65  CONFIG_GPIO_LED_2_CONST            
01008f66  CONFIG_PWM_0_CONST                 
01008f67  CONFIG_PWM_1_CONST                 
01008f69  CONFIG_TIMER_0_CONST               
01008f6a  CONFIG_TIMER_1_CONST               
01008f6b  CONFIG_TIMER_2_CONST               
010087e1  CPUcpsie                           
01008991  CPUwfi                             
0100847d  ClockP_getCpuFreq                  
01008915  ClockP_getSystemTickPeriod         
01007431  FlashDisable                       
01008f70  GPIOCC32XX_config                  
01007055  GPIO_enableInt                     
010061c9  GPIO_hwiIntFxn                     
01004a31  GPIO_init                          
0100688d  GPIO_setCallback                   
01001d89  GPIO_setConfig                     
010066a1  GPIO_toggle                        
01006a59  GPIO_write                         
0100851d  HwiP_Params_init                   
0100899d  HwiP_clearInterrupt                
010067cd  HwiP_create                        
010088bd  HwiP_delete                        
0100803d  HwiP_disable                       
01007479  HwiP_dispatch                      
200086d4  HwiP_dispatchTable                 
0100816d  HwiP_inISR                         
0100849d  HwiP_restore                       
010053a5  IntDisable                         
0100544d  IntEnable                          
010089f1  IntMasterEnable                    
01006ab1  IntPendClear                       
01006d6d  IntPrioritySet                     
010084bd  IntRegister                        
010082f5  IntUnregister                      
010087f5  IntVTableBaseSet                   
0100825d  List_put                           
01008283  List_remove                        
01001291  PRCMCC3200MCUInit                  
01008745  PRCMHIBRegRead                     
0100875b  PRCMHIBRegWrite                    
010074c1  PRCMLPDSEnter                      
01007c31  PRCMLPDSEnterKeepDebugIf           
01008069  PRCMLPDSIntervalSet                
010076fd  PRCMLPDSRestoreInfoSet             
01008195  PRCMLPDSWakeupSourceEnable         
010081bd  PRCMPeripheralClkDisable           
01007509  PRCMPeripheralClkEnable            
01006b09  PRCMPeripheralReset                
01008a23  PRCMSleepEnter                     
01007a55  PRCMSlowClkCtrFastGet              
0100682d  PRCMSysResetCauseGet               
01008771  PTLS_getBuf                        
01008787  PTLS_setBuf                        
01008621  PTLS_taskDeleteHook                
01005b21  PWMTimerCC32XX_close               
01008a2b  PWMTimerCC32XX_control             
01008e34  PWMTimerCC32XX_fxnTable            
01003637  PWMTimerCC32XX_init                
010046ad  PWMTimerCC32XX_open                
01005025  PWMTimerCC32XX_setDuty             
01003281  PWMTimerCC32XX_setDutyAndPeriod    
010058c9  PWMTimerCC32XX_setPeriod           
01006501  PWMTimerCC32XX_start               
01004af5  PWMTimerCC32XX_stop                
01008809  PWM_Params_init                    
01008ee0  PWM_config                         
01008f68  PWM_count                          
01008ef8  PWM_defaultParams                  
01007741  PWM_init                           
010078d9  PWM_open                           
010089fb  PWM_setDuty                        
01008a05  PWM_start                          
01005ba9  PinConfigSet                       
01007db5  PinModeGet                         
01007919  PinModeSet                         
01008595  PinToPadGet                        
01008dc4  PowerCC32XX_config                 
010054f5  PowerCC32XX_configureWakeup        
2000830c  PowerCC32XX_contextSave            
01007785  PowerCC32XX_enterLPDS              
010039df  PowerCC32XX_initPolicy             
20008ed4  PowerCC32XX_module                 
010070a1  PowerCC32XX_parkPin                
01007eed  PowerCC32XX_restoreParkedPin       
01006ebd  PowerCC32XX_resumeLPDS             
01006705  PowerCC32XX_setParkState           
01002845  PowerCC32XX_sleepPolicy            
010089a9  Power_getConstraintMask            
0100881d  Power_getDependencyCount           
01008975  Power_getTransitionLatency         
01008655  Power_idleFunc                     
01005e4d  Power_init                         
010081e5  Power_registerNotify               
01007551  Power_releaseConstraint            
01006b61  Power_releaseDependency            
01007a91  Power_setConstraint                
01005fd9  Power_setDependency                
01003639  Power_sleep                        
010084dd  Power_unregisterNotify             
0100879d  SemaphoreP_Params_init             
01006c69  SemaphoreP_create                  
01008095  SemaphoreP_createBinary            
010089b5  SemaphoreP_delete                  
01007de9  SemaphoreP_pend                    
01008415  SemaphoreP_post                    
01008925  SysTickDisable                     
01008935  SysTickEnable                      
01006fb5  TimerCC32XX_allocateTimerResource  
01007b81  TimerCC32XX_close                  
01008a31  TimerCC32XX_control                
01007e1d  TimerCC32XX_freeTimerResource      
01008ea0  TimerCC32XX_fxnTable               
0100866d  TimerCC32XX_getCount               
010041af  TimerCC32XX_init                   
010039e1  TimerCC32XX_open                   
01005c31  TimerCC32XX_setPeriod              
01006241  TimerCC32XX_start                  
01006cbf  TimerCC32XX_stop                   
01007d49  TimerControlStall                  
0100853b  TimerDisable                       
01008559  TimerEnable                        
010088cf  TimerIntClear                      
01008685  TimerIntDisable                    
0100869d  TimerIntEnable                     
01008119  TimerLoadSet                       
01008143  TimerPrescaleSet                   
01008945  Timer_Params_init                  
01008e58  Timer_config                       
01008f6c  Timer_count                        
010077c9  Timer_init                         
01007959  Timer_open                         
01008a0f  Timer_start                        
01008a37  UtilsDelay                         
20040000  __STACK_END                        
00000400  __STACK_SIZE                       
01009130  __TI_CINIT_Base                    
01009140  __TI_CINIT_Limit                   
01009118  __TI_Handler_Table_Base            
01009124  __TI_Handler_Table_Limit           
0100780d  __TI_auto_init_nobinit_nopinit     
01006569  __TI_decompress_lzss               
01008983  __TI_decompress_none               
01006dc1  __TI_ltoa                          
ffffffff  __TI_pprof_out_hndl                
01000841  __TI_printfi                       
ffffffff  __TI_prof_data_size                
ffffffff  __TI_prof_data_start               
01009020  __TI_static_base__                 
010089cd  __TI_zero_init                     
01005d41  __aeabi_cdcmpeq                    
01005d41  __aeabi_cdcmple                    
01005dc7  __aeabi_cdrcmple                   
010075e1  __aeabi_d2iz                       
01002697  __aeabi_dadd                       
010038a9  __aeabi_ddiv                       
010044b9  __aeabi_dmul                       
0100268d  __aeabi_dsub                       
01007999  __aeabi_errno_addr                 
0100800d  __aeabi_i2d                        
010064ff  __aeabi_idiv0                      
010064ff  __aeabi_ldiv0                      
0100872d  __aeabi_lmul                       
010060d3  __aeabi_memclr                     
010060d3  __aeabi_memclr4                    
010060d3  __aeabi_memclr8                    
01005791  __aeabi_memcpy                     
01005791  __aeabi_memcpy4                    
01005791  __aeabi_memcpy8                    
010060d5  __aeabi_memset                     
010060d5  __aeabi_memset4                    
010060d5  __aeabi_memset8                    
010059f9  __aeabi_uldivmod                   
ffffffff  __binit__                          
ffffffff  __c_args__                         
UNDEFED   __mpu_init                         
2003fc00  __stack                            
20000000  __start___llvm_prf_cnts            
20000000  __stop___llvm_prf_cnts             
01008319  _c_int00_noargs                    
01008a44  _ctypes_                           
010082a9  _pthread_cleanup_pop               
UNDEFED   _system_post_cinit                 
01008a3d  _system_pre_init                   
01008a41  abort                              
010086cd  add_to_control_queue               
010086e5  add_to_delay_queue                 
010085b1  add_to_publish_queue               
010070ed  atoi                               
ffffffff  binit                              
01007bbd  callback50                         
01001925  claw_control_task                  
010089c1  copysign                           
010089c1  copysignl                          
0100833d  create_control_queue               
01008361  create_delay_queue                 
01008385  create_publish_queue               
01008437  dbgEvent                           
010065d1  eTaskConfirmSleepModeStatus        
01006bb9  fatalError                         
010068e9  frexp                              
010068e9  frexpl                             
20009138  gpioCallbackFunctions              
20009170  gpioPinConfigs                     
01008ffe  inPinTypes                         
010071d1  initVectors                        
01004961  ldexp                              
01004961  ldexpl                             
010050dd  main                               
010085cd  memccpy                            
01005791  memcpy                             
010060db  memset                             
01009004  outPinStrengths                    
01008fe0  outPinTypes                        
20009040  parkInfo                           
010085e9  pthread_attr_init                  
01008459  pthread_attr_setdetachstate        
0100820d  pthread_attr_setschedparam         
01008845  pthread_attr_setstacksize          
01003771  pthread_create                     
010069a1  pthread_exit                       
01008859  pthread_self                       
01007a17  pthread_setcancelstate             
010029f5  pvPortMalloc                       
01007b09  pvTaskGetThreadLocalStoragePointer 
01008605  pvTaskIncrementMutexHeldCount      
01008fe8  pwmTimerCC32XXHWAttrs              
2000859c  pwmTimerCC32XXObjects              
200091a8  pxCurrentTCB                       
01007005  pxPortInitialiseStack              
010087b5  resetISR                           
010087c4  resetVectorAddr                    
01000800  resetVectors                       
010086fd  retrieve_from_control_queue        
01008715  retrieve_from_delay_queue          
01004961  scalbn                             
01004961  scalbnl                            
01004f6b  setGPIOs                           
0100734d  snprintf                           
01006e15  start50                            
010087cb  strchr                             
0100886d  strlen                             
01008e04  timerCC32XXHWAttrs                 
20008500  timerCC32XXObjects                 
01008fd8  ulMaxSyscallInterruptPriority      
01004ec1  ulPortGetIPSR                      
01007629  uxListRemove                       
01009014  uxTopUsedPriority                  
01008a19  vApplicationStackOverflowHook      
01007f7d  vListInitialise                    
01008955  vListInitialiseItem                
01006639  vListInsert                        
01007b45  vListInsertEnd                     
01007399  vPortEnterCritical                 
01007fad  vPortExitCritical                  
01005645  vPortFree                          
01004f25  vPortSVCHandler                    
01006c11  vPortSetupTimerInterrupt           
01004f49  vPortStartFirstTask                
01008881  vPortSuppressTicksAndSleep         
0100641d  vPortValidateInterruptPriority     
010083cd  vQueueDelete                       
010069fd  vQueueWaitForMessageRestricted     
010043b9  vTaskDelete                        
010083f1  vTaskInternalSetTimeOutState       
010089e5  vTaskMissedYield                   
01007eb9  vTaskPlaceOnEventList              
01006331  vTaskPlaceOnEventListRestricted    
01003139  vTaskPriorityDisinheritAfterTimeout
010080c1  vTaskSetApplicationTaskTag         
010073e5  vTaskSetThreadLocalStoragePointer  
0100582d  vTaskStartScheduler                
01007895  vTaskStepTick                      
01003e71  vTaskSuspend                       
01008965  vTaskSuspendAll                    
01004885  vTaskSwitchContext                 
010088f3  wcslen                             
01004ed9  xPortPendSVHandler                 
01004c79  xPortStartScheduler                
010080ed  xPortSysTickHandler                
010076b7  xQueueCreateCountingSemaphore      
01005f55  xQueueGenericCreate                
010042b5  xQueueGenericReset                 
010024d5  xQueueGenericSend                  
01003b09  xQueueGenericSendFromISR           
010040a1  xQueueGiveFromISR                  
01002d21  xQueueReceive                      
010045b5  xQueueReceiveFromISR               
01001f6d  xQueueSemaphoreTake                
01005191  xTaskCheckForTimeOut               
0100614d  xTaskCreate                        
01008235  xTaskGetApplicationTaskTag         
01008895  xTaskGetCurrentTaskHandle          
01007fdd  xTaskGetSchedulerState             
010088a9  xTaskGetTickCount                  
01001b81  xTaskIncrementTick                 
01003f89  xTaskPriorityDisinherit            
01003d51  xTaskPriorityInherit               
01002b99  xTaskRemoveFromEventList           
01002309  xTaskResumeAll                     
01006e69  xTimerCreateTimerTask              


GLOBAL SYMBOLS: SORTED BY Symbol Address 

address   name                               
-------   ----                               
00000400  __STACK_SIZE                       
01000800  resetVectors                       
01000841  __TI_printfi                       
0100128f  Board_initHook                     
01001291  PRCMCC3200MCUInit                  
01001925  claw_control_task                  
01001b81  xTaskIncrementTick                 
01001d89  GPIO_setConfig                     
01001f6d  xQueueSemaphoreTake                
01002309  xTaskResumeAll                     
010024d5  xQueueGenericSend                  
0100268d  __aeabi_dsub                       
01002697  __aeabi_dadd                       
01002845  PowerCC32XX_sleepPolicy            
010029f5  pvPortMalloc                       
01002b99  xTaskRemoveFromEventList           
01002d21  xQueueReceive                      
01003139  vTaskPriorityDisinheritAfterTimeout
01003281  PWMTimerCC32XX_setDutyAndPeriod    
01003637  PWMTimerCC32XX_init                
01003639  Power_sleep                        
01003771  pthread_create                     
010038a9  __aeabi_ddiv                       
010039df  PowerCC32XX_initPolicy             
010039e1  TimerCC32XX_open                   
01003b09  xQueueGenericSendFromISR           
01003d51  xTaskPriorityInherit               
01003e71  vTaskSuspend                       
01003f89  xTaskPriorityDisinherit            
010040a1  xQueueGiveFromISR                  
010041af  TimerCC32XX_init                   
010042b5  xQueueGenericReset                 
010043b9  vTaskDelete                        
010044b9  __aeabi_dmul                       
010045b5  xQueueReceiveFromISR               
010046ad  PWMTimerCC32XX_open                
01004885  vTaskSwitchContext                 
01004961  ldexp                              
01004961  ldexpl                             
01004961  scalbn                             
01004961  scalbnl                            
01004a31  GPIO_init                          
01004af5  PWMTimerCC32XX_stop                
01004c79  xPortStartScheduler                
01004ec1  ulPortGetIPSR                      
01004ed9  xPortPendSVHandler                 
01004f25  vPortSVCHandler                    
01004f49  vPortStartFirstTask                
01004f6b  setGPIOs                           
01005025  PWMTimerCC32XX_setDuty             
010050dd  main                               
01005191  xTaskCheckForTimeOut               
010053a5  IntDisable                         
0100544d  IntEnable                          
010054f5  PowerCC32XX_configureWakeup        
01005645  vPortFree                          
01005791  __aeabi_memcpy                     
01005791  __aeabi_memcpy4                    
01005791  __aeabi_memcpy8                    
01005791  memcpy                             
0100582d  vTaskStartScheduler                
010058c9  PWMTimerCC32XX_setPeriod           
010059f9  __aeabi_uldivmod                   
01005b21  PWMTimerCC32XX_close               
01005ba9  PinConfigSet                       
01005c31  TimerCC32XX_setPeriod              
01005d41  __aeabi_cdcmpeq                    
01005d41  __aeabi_cdcmple                    
01005dc7  __aeabi_cdrcmple                   
01005e4d  Power_init                         
01005f55  xQueueGenericCreate                
01005fd9  Power_setDependency                
010060d3  __aeabi_memclr                     
010060d3  __aeabi_memclr4                    
010060d3  __aeabi_memclr8                    
010060d5  __aeabi_memset                     
010060d5  __aeabi_memset4                    
010060d5  __aeabi_memset8                    
010060db  memset                             
0100614d  xTaskCreate                        
010061c9  GPIO_hwiIntFxn                     
01006241  TimerCC32XX_start                  
01006331  vTaskPlaceOnEventListRestricted    
0100641d  vPortValidateInterruptPriority     
010064ff  __aeabi_idiv0                      
010064ff  __aeabi_ldiv0                      
01006501  PWMTimerCC32XX_start               
01006569  __TI_decompress_lzss               
010065d1  eTaskConfirmSleepModeStatus        
01006639  vListInsert                        
010066a1  GPIO_toggle                        
01006705  PowerCC32XX_setParkState           
010067cd  HwiP_create                        
0100682d  PRCMSysResetCauseGet               
0100688d  GPIO_setCallback                   
010068e9  frexp                              
010068e9  frexpl                             
010069a1  pthread_exit                       
010069fd  vQueueWaitForMessageRestricted     
01006a59  GPIO_write                         
01006ab1  IntPendClear                       
01006b09  PRCMPeripheralReset                
01006b61  Power_releaseDependency            
01006bb9  fatalError                         
01006c11  vPortSetupTimerInterrupt           
01006c69  SemaphoreP_create                  
01006cbf  TimerCC32XX_stop                   
01006d6d  IntPrioritySet                     
01006dc1  __TI_ltoa                          
01006e15  start50                            
01006e69  xTimerCreateTimerTask              
01006ebd  PowerCC32XX_resumeLPDS             
01006fb5  TimerCC32XX_allocateTimerResource  
01007005  pxPortInitialiseStack              
01007055  GPIO_enableInt                     
010070a1  PowerCC32XX_parkPin                
010070ed  atoi                               
010071d1  initVectors                        
0100734d  snprintf                           
01007399  vPortEnterCritical                 
010073e5  vTaskSetThreadLocalStoragePointer  
01007431  FlashDisable                       
01007479  HwiP_dispatch                      
010074c1  PRCMLPDSEnter                      
01007509  PRCMPeripheralClkEnable            
01007551  Power_releaseConstraint            
010075e1  __aeabi_d2iz                       
01007629  uxListRemove                       
010076b7  xQueueCreateCountingSemaphore      
010076fd  PRCMLPDSRestoreInfoSet             
01007741  PWM_init                           
01007785  PowerCC32XX_enterLPDS              
010077c9  Timer_init                         
0100780d  __TI_auto_init_nobinit_nopinit     
01007895  vTaskStepTick                      
010078d9  PWM_open                           
01007919  PinModeSet                         
01007959  Timer_open                         
01007999  __aeabi_errno_addr                 
01007a17  pthread_setcancelstate             
01007a55  PRCMSlowClkCtrFastGet              
01007a91  Power_setConstraint                
01007b09  pvTaskGetThreadLocalStoragePointer 
01007b45  vListInsertEnd                     
01007b81  TimerCC32XX_close                  
01007bbd  callback50                         
01007c31  PRCMLPDSEnterKeepDebugIf           
01007d49  TimerControlStall                  
01007db5  PinModeGet                         
01007de9  SemaphoreP_pend                    
01007e1d  TimerCC32XX_freeTimerResource      
01007eb9  vTaskPlaceOnEventList              
01007eed  PowerCC32XX_restoreParkedPin       
01007f7d  vListInitialise                    
01007fad  vPortExitCritical                  
01007fdd  xTaskGetSchedulerState             
0100800d  __aeabi_i2d                        
0100803d  HwiP_disable                       
01008069  PRCMLPDSIntervalSet                
01008095  SemaphoreP_createBinary            
010080c1  vTaskSetApplicationTaskTag         
010080ed  xPortSysTickHandler                
01008119  TimerLoadSet                       
01008143  TimerPrescaleSet                   
0100816d  HwiP_inISR                         
01008195  PRCMLPDSWakeupSourceEnable         
010081bd  PRCMPeripheralClkDisable           
010081e5  Power_registerNotify               
0100820d  pthread_attr_setschedparam         
01008235  xTaskGetApplicationTaskTag         
0100825d  List_put                           
01008283  List_remove                        
010082a9  _pthread_cleanup_pop               
010082f5  IntUnregister                      
01008319  _c_int00_noargs                    
0100833d  create_control_queue               
01008361  create_delay_queue                 
01008385  create_publish_queue               
010083cd  vQueueDelete                       
010083f1  vTaskInternalSetTimeOutState       
01008415  SemaphoreP_post                    
01008437  dbgEvent                           
01008459  pthread_attr_setdetachstate        
0100847d  ClockP_getCpuFreq                  
0100849d  HwiP_restore                       
010084bd  IntRegister                        
010084dd  Power_unregisterNotify             
0100851d  HwiP_Params_init                   
0100853b  TimerDisable                       
01008559  TimerEnable                        
01008595  PinToPadGet                        
010085b1  add_to_publish_queue               
010085cd  memccpy                            
010085e9  pthread_attr_init                  
01008605  pvTaskIncrementMutexHeldCount      
01008621  PTLS_taskDeleteHook                
01008655  Power_idleFunc                     
0100866d  TimerCC32XX_getCount               
01008685  TimerIntDisable                    
0100869d  TimerIntEnable                     
010086cd  add_to_control_queue               
010086e5  add_to_delay_queue                 
010086fd  retrieve_from_control_queue        
01008715  retrieve_from_delay_queue          
0100872d  __aeabi_lmul                       
01008745  PRCMHIBRegRead                     
0100875b  PRCMHIBRegWrite                    
01008771  PTLS_getBuf                        
01008787  PTLS_setBuf                        
0100879d  SemaphoreP_Params_init             
010087b5  resetISR                           
010087c4  resetVectorAddr                    
010087cb  strchr                             
010087e1  CPUcpsie                           
010087f5  IntVTableBaseSet                   
01008809  PWM_Params_init                    
0100881d  Power_getDependencyCount           
01008845  pthread_attr_setstacksize          
01008859  pthread_self                       
0100886d  strlen                             
01008881  vPortSuppressTicksAndSleep         
01008895  xTaskGetCurrentTaskHandle          
010088a9  xTaskGetTickCount                  
010088bd  HwiP_delete                        
010088cf  TimerIntClear                      
010088f3  wcslen                             
01008905  Board_init                         
01008915  ClockP_getSystemTickPeriod         
01008925  SysTickDisable                     
01008935  SysTickEnable                      
01008945  Timer_Params_init                  
01008955  vListInitialiseItem                
01008965  vTaskSuspendAll                    
01008975  Power_getTransitionLatency         
01008983  __TI_decompress_none               
01008991  CPUwfi                             
0100899d  HwiP_clearInterrupt                
010089a9  Power_getConstraintMask            
010089b5  SemaphoreP_delete                  
010089c1  copysign                           
010089c1  copysignl                          
010089cd  __TI_zero_init                     
010089e5  vTaskMissedYield                   
010089f1  IntMasterEnable                    
010089fb  PWM_setDuty                        
01008a05  PWM_start                          
01008a0f  Timer_start                        
01008a19  vApplicationStackOverflowHook      
01008a23  PRCMSleepEnter                     
01008a2b  PWMTimerCC32XX_control             
01008a31  TimerCC32XX_control                
01008a37  UtilsDelay                         
01008a3d  _system_pre_init                   
01008a41  C$$EXIT                            
01008a41  abort                              
01008a44  _ctypes_                           
01008dc4  PowerCC32XX_config                 
01008e04  timerCC32XXHWAttrs                 
01008e34  PWMTimerCC32XX_fxnTable            
01008e58  Timer_config                       
01008ea0  TimerCC32XX_fxnTable               
01008ee0  PWM_config                         
01008ef8  PWM_defaultParams                  
01008f58  CONFIG_GPIO_0_CONST                
01008f59  CONFIG_GPIO_1_CONST                
01008f5a  CONFIG_GPIO_2_CONST                
01008f5b  CONFIG_GPIO_3_CONST                
01008f5c  CONFIG_GPIO_4_CONST                
01008f5d  CONFIG_GPIO_5_CONST                
01008f5e  CONFIG_GPIO_6_CONST                
01008f5f  CONFIG_GPIO_7_CONST                
01008f60  CONFIG_GPIO_8_CONST                
01008f61  CONFIG_GPIO_BUTTON_0_CONST         
01008f62  CONFIG_GPIO_BUTTON_1_CONST         
01008f63  CONFIG_GPIO_LED_0_CONST            
01008f64  CONFIG_GPIO_LED_1_CONST            
01008f65  CONFIG_GPIO_LED_2_CONST            
01008f66  CONFIG_PWM_0_CONST                 
01008f67  CONFIG_PWM_1_CONST                 
01008f68  PWM_count                          
01008f69  CONFIG_TIMER_0_CONST               
01008f6a  CONFIG_TIMER_1_CONST               
01008f6b  CONFIG_TIMER_2_CONST               
01008f6c  Timer_count                        
01008f70  GPIOCC32XX_config                  
01008fd8  ulMaxSyscallInterruptPriority      
01008fe0  outPinTypes                        
01008fe8  pwmTimerCC32XXHWAttrs              
01008ffe  inPinTypes                         
01009004  outPinStrengths                    
01009014  uxTopUsedPriority                  
01009020  __TI_static_base__                 
01009118  __TI_Handler_Table_Base            
01009124  __TI_Handler_Table_Limit           
01009130  __TI_CINIT_Base                    
01009140  __TI_CINIT_Limit                   
20000000  __start___llvm_prf_cnts            
20000000  __stop___llvm_prf_cnts             
2000830c  PowerCC32XX_contextSave            
20008500  timerCC32XXObjects                 
2000859c  pwmTimerCC32XXObjects              
200086d4  HwiP_dispatchTable                 
20008ed4  PowerCC32XX_module                 
20009040  parkInfo                           
20009138  gpioCallbackFunctions              
20009170  gpioPinConfigs                     
200091a8  pxCurrentTCB                       
2003fc00  __stack                            
20040000  __STACK_END                        
ffffffff  __TI_pprof_out_hndl                
ffffffff  __TI_prof_data_size                
ffffffff  __TI_prof_data_start               
ffffffff  __binit__                          
ffffffff  __c_args__                         
ffffffff  binit                              
UNDEFED   __mpu_init                         
UNDEFED   _system_post_cinit                 

[317 symbols]
